INFO    : Building target web
INFO    : XSL conversion of /workspaces/alexblackmath.github.io/pretext-src/source/main.ptx by /home/codespace/.ptx/2.55.0/core/xsl/utilities/pretext-enhanced-source.xsl
INFO    : successful application of /home/codespace/.ptx/2.55.0/core/xsl/utilities/pretext-enhanced-source.xsl
INFO    : discovering source file's directory name: /workspaces/alexblackmath.github.io/pretext-src/source
INFO    : verifying and expanding input directory: /workspaces/alexblackmath.github.io/pretext-src/source/../assets
INFO    : input directory expanded to absolute path: /workspaces/alexblackmath.github.io/pretext-src/assets
INFO    : Generating any needed assets.
WARNING : Now generating latex images
INFO    : converting latex-image pictures from /workspaces/alexblackmath.github.io/pretext-src/source/main.ptx to svg graphics for placement in /workspaces/alexblackmath.github.io/pretext-src/generated-assets/latex-image
INFO    : extracting latex-image pictures from /workspaces/alexblackmath.github.io/pretext-src/source/main.ptx
INFO    : string parameters passed to extraction stylesheet: {'cli.version': '2.55', 'publisher': '/workspaces/alexblackmath.github.io/pretext-src/publication/publication.ptx'}
INFO    : discovering source file's directory name: /workspaces/alexblackmath.github.io/pretext-src/source
INFO    : verifying and expanding input directory: /workspaces/alexblackmath.github.io/pretext-src/source/../assets
INFO    : input directory expanded to absolute path: /workspaces/alexblackmath.github.io/pretext-src/assets
INFO    : discovering source file's directory name: /workspaces/alexblackmath.github.io/pretext-src/source
INFO    : XSL conversion of /workspaces/alexblackmath.github.io/pretext-src/source/main.ptx by /home/codespace/.ptx/2.55.0/core/xsl/extract-latex-image.xsl
INFO    : successful application of /home/codespace/.ptx/2.55.0/core/xsl/extract-latex-image.xsl
INFO    : converting fig-directed-graph-g-2.tex to fig-directed-graph-g-2.pdf
INFO    : cropping fig-directed-graph-g-2.pdf to cropped-fig-directed-graph-g-2.pdf
INFO    : renaming cropped-fig-directed-graph-g-2.pdf to fig-directed-graph-g-2.pdf
INFO    : converting fig-directed-graph-g-2.pdf to fig-directed-graph-g-2.svg
INFO    : Removing temporary directory /tmp/ptx-bu3n8er8
INFO    : Finished generating assets.

INFO    : Preparing to build into /workspaces/alexblackmath.github.io/pretext-src/output/web.
INFO    : discovering source file's directory name: /workspaces/alexblackmath.github.io/pretext-src/source
INFO    : verifying and expanding input directory: /workspaces/alexblackmath.github.io/pretext-src/source/../assets
INFO    : input directory expanded to absolute path: /workspaces/alexblackmath.github.io/pretext-src/assets
INFO    : discovering source file's directory name: /workspaces/alexblackmath.github.io/pretext-src/source
INFO    : XSL conversion of /workspaces/alexblackmath.github.io/pretext-src/source/main.ptx by /home/codespace/.ptx/2.55.0/core/xsl/utilities/report-publisher-variables.xsl
INFO    : successful application of /home/codespace/.ptx/2.55.0/core/xsl/utilities/report-publisher-variables.xsl
INFO    : Downloading rs services file from https://runestone.academy/cdn/runestone/latest/webpack_static_imports.xml.
INFO    : Runestone Services via online CDN query: version 8.3.3
INFO    : Downloading Runestone Services, version 8.3.3
INFO    : Extracting Runestone Services from archive file
INFO    : Building custom css theme: theme-default-modern
INFO    : converting /workspaces/alexblackmath.github.io/pretext-src/source/main.ptx to HTML in /tmp/ptx-83ucw79m
INFO    : XSL conversion of /workspaces/alexblackmath.github.io/pretext-src/source/main.ptx by /home/codespace/.ptx/2.55.0/core/xsl/pretext-html.xsl
INFO    : messages from the log for XSL processing (prefaced with a *):
INFO    : * PTX:INFO:   checking all deprecated elements.
WARNING : * PTX:DEPRECATE: (2026-05-11) the "me" and "men" elements have been deprecated.  The replacement is an "md" with no "mrow" children, and numbering is controlled by the "@number" attribute, or a global setting in "docinfo". (26 times)
INFO    : *              located at: pretext/article/section/subsection/exercise/solution/me
INFO    : *              located within: "ex-cyclic-permutation" (xml:id)
INFO    : *              located at: pretext/article/section/subsection/exercise/statement/me
INFO    : *              located within: "ex-polynomials-roots" (xml:id)
INFO    : *              located at: pretext/article/section/subsection/exercise/solution/me
INFO    : *              located within: "ex-polynomials-roots" (xml:id)
INFO    : *              located at: pretext/article/section/subsection/exercise/solution/me
INFO    : *              located within: "ex-polynomials-roots" (xml:id)
INFO    : *              located at: pretext/article/section/subsection/exercise/statement/me
INFO    : *              located within: "ex-nonnegative-circulations" (xml:id)
INFO    : *              located at: pretext/article/section/subsection/exercise/solution/me
INFO    : *              located within: "ex-sum-linear-maps" (xml:id)
INFO    : *              located at: pretext/article/section/subsection/exercise/statement/me
INFO    : *              located within: "ex-intersection-subspaces" (xml:id)
INFO    : *              located at: pretext/article/section/subsection/exercise/solution/me
INFO    : *              located within: "ex-composition-linear-maps" (xml:id)
INFO    : * --------------
INFO    : successful application of /home/codespace/.ptx/2.55.0/core/xsl/pretext-html.xsl
INFO    : Removing temporary directory /tmp/ptx-83ucw79m
INFO    : Removing temporary directory /tmp/ptx-ixcazkh1
INFO    : 
Finished build for target web. Run `pretext view web` to see the results.

INFO    : 
Success!  Built requested target(s) without errors.

INFO    : 
