INFO    : Building target web
INFO    : XSL conversion of /workspaces/alexblackmath.github.io/pretext-src/source/main.ptx by /home/codespace/.ptx/2.55.0/core/xsl/utilities/pretext-enhanced-source.xsl
INFO    : successful application of /home/codespace/.ptx/2.55.0/core/xsl/utilities/pretext-enhanced-source.xsl
INFO    : discovering source file's directory name: /workspaces/alexblackmath.github.io/pretext-src/source
INFO    : verifying and expanding input directory: /workspaces/alexblackmath.github.io/pretext-src/source/../assets
INFO    : input directory expanded to absolute path: /workspaces/alexblackmath.github.io/pretext-src/assets
INFO    : Generating any needed assets.
INFO    : Finished generating assets.

INFO    : Preparing to build into /workspaces/alexblackmath.github.io/pretext-src/output/web.
INFO    : discovering source file's directory name: /workspaces/alexblackmath.github.io/pretext-src/source
INFO    : verifying and expanding input directory: /workspaces/alexblackmath.github.io/pretext-src/source/../assets
INFO    : input directory expanded to absolute path: /workspaces/alexblackmath.github.io/pretext-src/assets
INFO    : discovering source file's directory name: /workspaces/alexblackmath.github.io/pretext-src/source
INFO    : XSL conversion of /workspaces/alexblackmath.github.io/pretext-src/source/main.ptx by /home/codespace/.ptx/2.55.0/core/xsl/utilities/report-publisher-variables.xsl
INFO    : successful application of /home/codespace/.ptx/2.55.0/core/xsl/utilities/report-publisher-variables.xsl
INFO    : Downloading rs services file from https://runestone.academy/cdn/runestone/latest/webpack_static_imports.xml.
INFO    : Runestone Services via online CDN query: version 8.3.3
INFO    : Downloading Runestone Services, version 8.3.3
INFO    : Extracting Runestone Services from archive file
INFO    : Building custom css theme: theme-default-modern
INFO    : converting /workspaces/alexblackmath.github.io/pretext-src/source/main.ptx to HTML in /tmp/ptx-0e3qz3bf
INFO    : XSL conversion of /workspaces/alexblackmath.github.io/pretext-src/source/main.ptx by /home/codespace/.ptx/2.55.0/core/xsl/pretext-html.xsl
INFO    : messages from the log for XSL processing (prefaced with a *):
INFO    : * PTX:INFO:   checking all deprecated elements.
WARNING : * PTX:DEPRECATE: (2026-05-11) the "me" and "men" elements have been deprecated.  The replacement is an "md" with no "mrow" children, and numbering is controlled by the "@number" attribute, or a global setting in "docinfo". (6 times)
INFO    : *              located at: pretext/article/section/subsection/exercise/statement/me
INFO    : *              located within: "ex-polynomials-roots" (xml:id)
INFO    : *              located at: pretext/article/section/subsection/exercise/statement/me
INFO    : *              located within: "ex-nonnegative-circulations" (xml:id)
INFO    : *              located at: pretext/article/section/subsection/exercise/statement/me
INFO    : *              located within: "ex-intersection-subspaces" (xml:id)
INFO    : *              located at: pretext/article/section/subsection/exercise/statement/me
INFO    : *              located within: "ex-image-spanning-set" (xml:id)
INFO    : *              located at: pretext/article/section/subsection/exercise/statement/me
INFO    : *              located within: "ex-kernel-dependence" (xml:id)
INFO    : *              located at: pretext/article/section/subsection/exercise/introduction/me
INFO    : *              located within: "ex-directed-graph-circulations" (xml:id)
INFO    : * --------------
INFO    : successful application of /home/codespace/.ptx/2.55.0/core/xsl/pretext-html.xsl
INFO    : Removing temporary directory /tmp/ptx-0e3qz3bf
INFO    : Removing temporary directory /tmp/ptx-4f_j10h4
INFO    : 
Finished build for target web. Run `pretext view web` to see the results.

INFO    : 
Success!  Built requested target(s) without errors.

INFO    : 
