INFO    : Building target web
INFO    : XSL conversion of /workspaces/alexblackmath.github.io/pretext-src/source/main.ptx by /home/codespace/.ptx/2.52.3/core/xsl/utilities/pretext-enhanced-source.xsl
INFO    : successful application of /home/codespace/.ptx/2.52.3/core/xsl/utilities/pretext-enhanced-source.xsl
INFO    : discovering source file's directory name: /workspaces/alexblackmath.github.io/pretext-src/source
INFO    : verifying and expanding input directory: /workspaces/alexblackmath.github.io/pretext-src/source/../assets
INFO    : input directory expanded to absolute path: /workspaces/alexblackmath.github.io/pretext-src/assets
INFO    : Generating any needed assets.
INFO    : Finished generating assets.

INFO    : Preparing to build into /workspaces/alexblackmath.github.io/pretext-src/output/web.
INFO    : discovering source file's directory name: /workspaces/alexblackmath.github.io/pretext-src/source
INFO    : verifying and expanding input directory: /workspaces/alexblackmath.github.io/pretext-src/source/../assets
INFO    : input directory expanded to absolute path: /workspaces/alexblackmath.github.io/pretext-src/assets
INFO    : discovering source file's directory name: /workspaces/alexblackmath.github.io/pretext-src/source
INFO    : XSL conversion of /workspaces/alexblackmath.github.io/pretext-src/source/main.ptx by /home/codespace/.ptx/2.52.3/core/xsl/utilities/report-publisher-variables.xsl
INFO    : successful application of /home/codespace/.ptx/2.52.3/core/xsl/utilities/report-publisher-variables.xsl
INFO    : Downloading rs services file from https://runestone.academy/cdn/runestone/latest/webpack_static_imports.xml.
INFO    : Runestone Services via online CDN query: version 8.2.10
INFO    : Downloading Runestone Services, version 8.2.10
INFO    : Extracting Runestone Services from archive file
INFO    : Building custom css theme: theme-default-modern
INFO    : converting /workspaces/alexblackmath.github.io/pretext-src/source/main.ptx to HTML in /tmp/ptx-e4nyx2c2
INFO    : XSL conversion of /workspaces/alexblackmath.github.io/pretext-src/source/main.ptx by /home/codespace/.ptx/2.52.3/core/xsl/pretext-html.xsl
INFO    : messages from the log for XSL processing (prefaced with a *):
INFO    : * PTX:INFO:   checking all deprecated elements.
INFO    : successful application of /home/codespace/.ptx/2.52.3/core/xsl/pretext-html.xsl
INFO    : Removing temporary directory /tmp/ptx-e4nyx2c2
INFO    : Removing temporary directory /tmp/ptx-y8epf_3l
INFO    : 
Finished build for target web. Run `pretext view web` to see the results.

INFO    : 
Success!  Built requested target(s) without errors.

INFO    : 
