WARNING : Using CLI version 2.53.0 but project's `requirements.txt`
WARNING : is configured to use 2.52.3. Consider either installing
WARNING : CLI version 2.52.3 or running `pretext update-project`
WARNING : to update `requirements.txt` and other managed files to match 2.53.0.
INFO    : Building target web
INFO    : XSL conversion of /workspaces/alexblackmath.github.io/pretext-src/source/main.ptx by /home/codespace/.ptx/2.53.0/core/xsl/utilities/pretext-enhanced-source.xsl
INFO    : successful application of /home/codespace/.ptx/2.53.0/core/xsl/utilities/pretext-enhanced-source.xsl
INFO    : discovering source file's directory name: /workspaces/alexblackmath.github.io/pretext-src/source
INFO    : verifying and expanding input directory: /workspaces/alexblackmath.github.io/pretext-src/source/../assets
INFO    : input directory expanded to absolute path: /workspaces/alexblackmath.github.io/pretext-src/assets
INFO    : Generating any needed assets.
WARNING : Now generating latex images
INFO    : converting latex-image pictures from /workspaces/alexblackmath.github.io/pretext-src/source/main.ptx to svg graphics for placement in /workspaces/alexblackmath.github.io/pretext-src/generated-assets/latex-image
INFO    : extracting latex-image pictures from /workspaces/alexblackmath.github.io/pretext-src/source/main.ptx
INFO    : string parameters passed to extraction stylesheet: {'cli.version': '2.53', 'publisher': '/workspaces/alexblackmath.github.io/pretext-src/publication/publication.ptx'}
INFO    : discovering source file's directory name: /workspaces/alexblackmath.github.io/pretext-src/source
INFO    : verifying and expanding input directory: /workspaces/alexblackmath.github.io/pretext-src/source/../assets
INFO    : input directory expanded to absolute path: /workspaces/alexblackmath.github.io/pretext-src/assets
INFO    : discovering source file's directory name: /workspaces/alexblackmath.github.io/pretext-src/source
INFO    : XSL conversion of /workspaces/alexblackmath.github.io/pretext-src/source/main.ptx by /home/codespace/.ptx/2.53.0/core/xsl/extract-latex-image.xsl
INFO    : successful application of /home/codespace/.ptx/2.53.0/core/xsl/extract-latex-image.xsl
WARNING : PTX:ERROR: cannot locate executable with configuration name `LatexEngine.XELATEX` as command `xelatex`
***  Edit the configuration file  ("pretext.cfg" or "project.ptx") and/or install  ***
***  the necessary program and/or make sure the executable is on your PATH         ***
ERROR   : Unable to generate some latex-image assets:
 LaTeX compilation failed for 1 "latex-image"(s).
Review the log for error messages, and LaTeX transcripts.
Images are:
  exercises-5-3-1-2.tex
INFO    : Removing temporary directory /tmp/ptx-v66cbing
INFO    : Finished generating assets.

INFO    : Preparing to build into /workspaces/alexblackmath.github.io/pretext-src/output/web.
INFO    : discovering source file's directory name: /workspaces/alexblackmath.github.io/pretext-src/source
INFO    : verifying and expanding input directory: /workspaces/alexblackmath.github.io/pretext-src/source/../assets
INFO    : input directory expanded to absolute path: /workspaces/alexblackmath.github.io/pretext-src/assets
INFO    : discovering source file's directory name: /workspaces/alexblackmath.github.io/pretext-src/source
INFO    : XSL conversion of /workspaces/alexblackmath.github.io/pretext-src/source/main.ptx by /home/codespace/.ptx/2.53.0/core/xsl/utilities/report-publisher-variables.xsl
INFO    : successful application of /home/codespace/.ptx/2.53.0/core/xsl/utilities/report-publisher-variables.xsl
INFO    : Downloading rs services file from https://runestone.academy/cdn/runestone/latest/webpack_static_imports.xml.
INFO    : Runestone Services via online CDN query: version 8.3.0
INFO    : Downloading Runestone Services, version 8.3.0
INFO    : Extracting Runestone Services from archive file
INFO    : Building custom css theme: theme-default-modern
INFO    : converting /workspaces/alexblackmath.github.io/pretext-src/source/main.ptx to HTML in /tmp/ptx-ngephs_a
INFO    : XSL conversion of /workspaces/alexblackmath.github.io/pretext-src/source/main.ptx by /home/codespace/.ptx/2.53.0/core/xsl/pretext-html.xsl
INFO    : messages from the log for XSL processing (prefaced with a *):
INFO    : * PTX:INFO:   checking all deprecated elements.
INFO    : successful application of /home/codespace/.ptx/2.53.0/core/xsl/pretext-html.xsl
INFO    : Removing temporary directory /tmp/ptx-ngephs_a
INFO    : Removing temporary directory /tmp/ptx-8eqajsle
INFO    : 
Finished build for target web. Run `pretext view web` to see the results.

FATAL   : There were errors during the build.  See above.
INFO    : ------------------------
exit    : Failed to build without errors.  Exiting...
INFO    : 
----------------------------------------------------
INFO    : While running pretext, the following errors occurred:

INFO    : (see log messages above or in the 'logs' folder for more information)
INFO    : ----------------------------------------------------
