WARNING : Using CLI version 2.53.0 but project's `requirements.txt`
WARNING : is configured to use 2.52.3. Consider either installing
WARNING : CLI version 2.52.3 or running `pretext update-project`
WARNING : to update `requirements.txt` and other managed files to match 2.53.0.
INFO    : Generating any needed assets.
INFO    : XSL conversion of /workspaces/alexblackmath.github.io/pretext-src/source/main.ptx by /home/codespace/.ptx/2.53.0/core/xsl/utilities/pretext-enhanced-source.xsl
INFO    : successful application of /home/codespace/.ptx/2.53.0/core/xsl/utilities/pretext-enhanced-source.xsl
INFO    : discovering source file's directory name: /workspaces/alexblackmath.github.io/pretext-src/source
INFO    : verifying and expanding input directory: /workspaces/alexblackmath.github.io/pretext-src/source/../assets
INFO    : input directory expanded to absolute path: /workspaces/alexblackmath.github.io/pretext-src/assets
WARNING : Now generating latex images
INFO    : converting latex-image pictures from /workspaces/alexblackmath.github.io/pretext-src/source/main.ptx to svg graphics for placement in /workspaces/alexblackmath.github.io/pretext-src/generated-assets/latex-image
INFO    : extracting latex-image pictures from /workspaces/alexblackmath.github.io/pretext-src/source/main.ptx
INFO    : string parameters passed to extraction stylesheet: {'publisher': '/workspaces/alexblackmath.github.io/pretext-src/publication/publication.ptx'}
INFO    : discovering source file's directory name: /workspaces/alexblackmath.github.io/pretext-src/source
INFO    : verifying and expanding input directory: /workspaces/alexblackmath.github.io/pretext-src/source/../assets
INFO    : input directory expanded to absolute path: /workspaces/alexblackmath.github.io/pretext-src/assets
INFO    : discovering source file's directory name: /workspaces/alexblackmath.github.io/pretext-src/source
INFO    : XSL conversion of /workspaces/alexblackmath.github.io/pretext-src/source/main.ptx by /home/codespace/.ptx/2.53.0/core/xsl/extract-latex-image.xsl
INFO    : successful application of /home/codespace/.ptx/2.53.0/core/xsl/extract-latex-image.xsl
INFO    : converting cycle-indicator.tex to cycle-indicator.pdf
INFO    : cropping cycle-indicator.pdf to cropped-cycle-indicator.pdf
INFO    : renaming cropped-cycle-indicator.pdf to cycle-indicator.pdf
INFO    : converting cycle-indicator.pdf to cycle-indicator.svg
INFO    : converting weighted-positive.tex to weighted-positive.pdf
INFO    : cropping weighted-positive.pdf to cropped-weighted-positive.pdf
INFO    : renaming cropped-weighted-positive.pdf to weighted-positive.pdf
INFO    : converting weighted-positive.pdf to weighted-positive.svg
INFO    : converting weighted-real.tex to weighted-real.pdf
INFO    : cropping weighted-real.pdf to cropped-weighted-real.pdf
INFO    : renaming cropped-weighted-real.pdf to weighted-real.pdf
INFO    : converting weighted-real.pdf to weighted-real.svg
INFO    : converting exercise-circulation-b.tex to exercise-circulation-b.pdf
INFO    : cropping exercise-circulation-b.pdf to cropped-exercise-circulation-b.pdf
INFO    : renaming cropped-exercise-circulation-b.pdf to exercise-circulation-b.pdf
INFO    : converting exercise-circulation-b.pdf to exercise-circulation-b.svg
INFO    : converting exercise-circulation-c.tex to exercise-circulation-c.pdf
INFO    : cropping exercise-circulation-c.pdf to cropped-exercise-circulation-c.pdf
INFO    : renaming cropped-exercise-circulation-c.pdf to exercise-circulation-c.pdf
INFO    : converting exercise-circulation-c.pdf to exercise-circulation-c.svg
INFO    : converting exercise-circulation-d.tex to exercise-circulation-d.pdf
INFO    : cropping exercise-circulation-d.pdf to cropped-exercise-circulation-d.pdf
INFO    : renaming cropped-exercise-circulation-d.pdf to exercise-circulation-d.pdf
INFO    : converting exercise-circulation-d.pdf to exercise-circulation-d.svg
INFO    : converting circulation-nonexample.tex to circulation-nonexample.pdf
INFO    : cropping circulation-nonexample.pdf to cropped-circulation-nonexample.pdf
INFO    : renaming cropped-circulation-nonexample.pdf to circulation-nonexample.pdf
INFO    : converting circulation-nonexample.pdf to circulation-nonexample.svg
INFO    : converting exercise-circulation-a.tex to exercise-circulation-a.pdf
INFO    : cropping exercise-circulation-a.pdf to cropped-exercise-circulation-a.pdf
INFO    : renaming cropped-exercise-circulation-a.pdf to exercise-circulation-a.pdf
INFO    : converting exercise-circulation-a.pdf to exercise-circulation-a.svg
INFO    : converting directed-path.tex to directed-path.pdf
INFO    : cropping directed-path.pdf to cropped-directed-path.pdf
INFO    : renaming cropped-directed-path.pdf to directed-path.pdf
INFO    : converting directed-path.pdf to directed-path.svg
INFO    : converting directed-cycle.tex to directed-cycle.pdf
INFO    : cropping directed-cycle.pdf to cropped-directed-cycle.pdf
INFO    : renaming cropped-directed-cycle.pdf to directed-cycle.pdf
INFO    : converting directed-cycle.pdf to directed-cycle.svg
INFO    : converting circulation-example.tex to circulation-example.pdf
INFO    : cropping circulation-example.pdf to cropped-circulation-example.pdf
INFO    : renaming cropped-circulation-example.pdf to circulation-example.pdf
INFO    : converting circulation-example.pdf to circulation-example.svg
INFO    : Removing temporary directory /tmp/ptx-7fuye_ia
INFO    : Finished generating assets.

INFO    : Finished generating assets successfully.

INFO    : 
