INFO    : Building target web
INFO    : XSL conversion of /workspaces/alexblackmath.github.io/pretext-src/source/main.ptx by /home/codespace/.ptx/2.55.0/core/xsl/utilities/pretext-enhanced-source.xsl
INFO    : successful application of /home/codespace/.ptx/2.55.0/core/xsl/utilities/pretext-enhanced-source.xsl
INFO    : discovering source file's directory name: /workspaces/alexblackmath.github.io/pretext-src/source
INFO    : verifying and expanding input directory: /workspaces/alexblackmath.github.io/pretext-src/source/../assets
INFO    : input directory expanded to absolute path: /workspaces/alexblackmath.github.io/pretext-src/assets
INFO    : Generating any needed assets.
INFO    : Finished generating assets.

INFO    : Preparing to build into /workspaces/alexblackmath.github.io/pretext-src/output/web.
INFO    : discovering source file's directory name: /workspaces/alexblackmath.github.io/pretext-src/source
INFO    : verifying and expanding input directory: /workspaces/alexblackmath.github.io/pretext-src/source/../assets
INFO    : input directory expanded to absolute path: /workspaces/alexblackmath.github.io/pretext-src/assets
INFO    : discovering source file's directory name: /workspaces/alexblackmath.github.io/pretext-src/source
INFO    : XSL conversion of /workspaces/alexblackmath.github.io/pretext-src/source/main.ptx by /home/codespace/.ptx/2.55.0/core/xsl/utilities/report-publisher-variables.xsl
INFO    : successful application of /home/codespace/.ptx/2.55.0/core/xsl/utilities/report-publisher-variables.xsl
INFO    : Downloading rs services file from https://runestone.academy/cdn/runestone/latest/webpack_static_imports.xml.
INFO    : Runestone Services via online CDN query: version 8.3.3
INFO    : Downloading Runestone Services, version 8.3.3
INFO    : Extracting Runestone Services from archive file
INFO    : Building custom css theme: theme-default-modern
INFO    : converting /workspaces/alexblackmath.github.io/pretext-src/source/main.ptx to HTML in /tmp/ptx-vc1j3yuk
INFO    : XSL conversion of /workspaces/alexblackmath.github.io/pretext-src/source/main.ptx by /home/codespace/.ptx/2.55.0/core/xsl/pretext-html.xsl
INFO    : messages from the log for XSL processing (prefaced with a *):
INFO    : * PTX:INFO:   checking all deprecated elements.
WARNING : * PTX:DEPRECATE: (2026-05-11) the "me" and "men" elements have been deprecated.  The replacement is an "md" with no "mrow" children, and numbering is controlled by the "@number" attribute, or a global setting in "docinfo". (15 times)
INFO    : *              located at: pretext/article/section/subsection/exercise/solution/p/me
INFO    : *              located within: "cake-or-fake" (xml:id), "Cake or Fake" (title)
INFO    : *              located at: pretext/article/section/subsection/exercise/solution/p/me
INFO    : *              located within: "new-from-old" (xml:id), "New from Old" (title)
INFO    : *              located at: pretext/article/section/subsection/exercise/solution/p/me
INFO    : *              located within: "new-from-old" (xml:id), "New from Old" (title)
INFO    : *              located at: pretext/article/section/subsection/exercise/solution/p/me
INFO    : *              located within: "span-independence-bases" (xml:id), "Span, Independence, Bases" (title)
INFO    : *              located at: pretext/article/section/subsection/exercise/statement/p/me
INFO    : *              located within: "span-independence-bases" (xml:id), "Span, Independence, Bases" (title)
INFO    : *              located at: pretext/article/section/subsection/exercise/solution/p/me
INFO    : *              located within: "span-independence-bases" (xml:id), "Span, Independence, Bases" (title)
INFO    : *              located at: pretext/article/section/subsection/exercise/solution/p/me
INFO    : *              located within: "span-independence-bases" (xml:id), "Span, Independence, Bases" (title)
INFO    : *              located at: pretext/article/section/subsection/exercise/solution/p/me
INFO    : *              located within: "applications" (xml:id), "... And its Applications" (title)
INFO    : * --------------
INFO    : successful application of /home/codespace/.ptx/2.55.0/core/xsl/pretext-html.xsl
INFO    : Removing temporary directory /tmp/ptx-vc1j3yuk
INFO    : Removing temporary directory /tmp/ptx-kgffrswl
INFO    : 
Finished build for target web. Run `pretext view web` to see the results.

INFO    : 
Success!  Built requested target(s) without errors.

INFO    : 
